// Jest Snapshot v1, https://goo.gl/fbAQLP

exports[`<Resize> renders correctly 1`] = `
<Connect(Resize)>
  Array [
    <Styled(Styled(styled.div))
      key="right"
    >
      <div
        className="sc-hrWEMg sc-eTuwsz sc-gwVKww dbEAK"
      >
        <styled.button
          onClick={[Function]}
        >
          <button
            className="sc-bdVaJa dJicAm"
            onClick={[Function]}
          >
            <svg
              aria-hidden="true"
              className="svg-inline--fa fa-caret-right fa-w-6 "
              data-icon="caret-right"
              data-prefix="fas"
              focusable="false"
              role="img"
              style={Object {}}
              viewBox="0 0 192 512"
              xmlns="http://www.w3.org/2000/svg"
            >
              <path
                d="M0 384.662V127.338c0-17.818 21.543-26.741 34.142-14.142l128.662 128.662c7.81 7.81 7.81 20.474 0 28.284L34.142 398.804C21.543 411.404 0 402.48 0 384.662z"
                fill="currentColor"
                style={Object {}}
              />
            </svg>
          </button>
        </styled.button>
        <styled.button
          onClick={[Function]}
        >
          <button
            className="sc-bdVaJa dJicAm"
            onClick={[Function]}
          >
            <svg
              aria-hidden="true"
              className="svg-inline--fa fa-caret-left fa-w-6 "
              data-icon="caret-left"
              data-prefix="fas"
              focusable="false"
              role="img"
              style={Object {}}
              viewBox="0 0 192 512"
              xmlns="http://www.w3.org/2000/svg"
            >
              <path
                d="M192 127.338v257.324c0 17.818-21.543 26.741-34.142 14.142L29.196 270.142c-7.81-7.81-7.81-20.474 0-28.284l128.662-128.662c12.599-12.6 34.142-3.676 34.142 14.142z"
                fill="currentColor"
                style={Object {}}
              />
            </svg>
          </button>
        </styled.button>
      </div>
    </Styled(Styled(styled.div))>,
    <Styled(Styled(styled.div))
      key="left"
    >
      <div
        className="sc-hrWEMg sc-eTuwsz sc-hXRMBi bUdirm"
      >
        <styled.button
          onClick={[Function]}
        >
          <button
            className="sc-bdVaJa dJicAm"
            onClick={[Function]}
          >
            <svg
              aria-hidden="true"
              className="svg-inline--fa fa-caret-left fa-w-6 "
              data-icon="caret-left"
              data-prefix="fas"
              focusable="false"
              role="img"
              style={Object {}}
              viewBox="0 0 192 512"
              xmlns="http://www.w3.org/2000/svg"
            >
              <path
                d="M192 127.338v257.324c0 17.818-21.543 26.741-34.142 14.142L29.196 270.142c-7.81-7.81-7.81-20.474 0-28.284l128.662-128.662c12.599-12.6 34.142-3.676 34.142 14.142z"
                fill="currentColor"
                style={Object {}}
              />
            </svg>
          </button>
        </styled.button>
        <styled.button
          onClick={[Function]}
        >
          <button
            className="sc-bdVaJa dJicAm"
            onClick={[Function]}
          >
            <svg
              aria-hidden="true"
              className="svg-inline--fa fa-caret-right fa-w-6 "
              data-icon="caret-right"
              data-prefix="fas"
              focusable="false"
              role="img"
              style={Object {}}
              viewBox="0 0 192 512"
              xmlns="http://www.w3.org/2000/svg"
            >
              <path
                d="M0 384.662V127.338c0-17.818 21.543-26.741 34.142-14.142l128.662 128.662c7.81 7.81 7.81 20.474 0 28.284L34.142 398.804C21.543 411.404 0 402.48 0 384.662z"
                fill="currentColor"
                style={Object {}}
              />
            </svg>
          </button>
        </styled.button>
      </div>
    </Styled(Styled(styled.div))>,
    <Styled(styled.div)
      key="top"
    >
      <div
        className="sc-hrWEMg sc-epnACN gaEhFw"
      >
        <styled.button
          onClick={[Function]}
        >
          <button
            className="sc-bdVaJa dJicAm"
            onClick={[Function]}
          >
            <svg
              aria-hidden="true"
              className="svg-inline--fa fa-caret-up fa-w-10 "
              data-icon="caret-up"
              data-prefix="fas"
              focusable="false"
              role="img"
              style={Object {}}
              viewBox="0 0 320 512"
              xmlns="http://www.w3.org/2000/svg"
            >
              <path
                d="M288.662 352H31.338c-17.818 0-26.741-21.543-14.142-34.142l128.662-128.662c7.81-7.81 20.474-7.81 28.284 0l128.662 128.662c12.6 12.599 3.676 34.142-14.142 34.142z"
                fill="currentColor"
                style={Object {}}
              />
            </svg>
          </button>
        </styled.button>
        <styled.button
          onClick={[Function]}
        >
          <button
            className="sc-bdVaJa dJicAm"
            onClick={[Function]}
          >
            <svg
              aria-hidden="true"
              className="svg-inline--fa fa-caret-down fa-w-10 "
              data-icon="caret-down"
              data-prefix="fas"
              focusable="false"
              role="img"
              style={Object {}}
              viewBox="0 0 320 512"
              xmlns="http://www.w3.org/2000/svg"
            >
              <path
                d="M31.3 192h257.3c17.8 0 26.7 21.5 14.1 34.1L174.1 354.8c-7.8 7.8-20.5 7.8-28.3 0L17.2 226.1C4.6 213.5 13.5 192 31.3 192z"
                fill="currentColor"
                style={Object {}}
              />
            </svg>
          </button>
        </styled.button>
      </div>
    </Styled(styled.div)>,
    <Styled(styled.div)
      key="bottom"
    >
      <div
        className="sc-hrWEMg sc-iQNlJl gFhoGq"
      >
        <styled.button
          onClick={[Function]}
        >
          <button
            className="sc-bdVaJa dJicAm"
            onClick={[Function]}
          >
            <svg
              aria-hidden="true"
              className="svg-inline--fa fa-caret-down fa-w-10 "
              data-icon="caret-down"
              data-prefix="fas"
              focusable="false"
              role="img"
              style={Object {}}
              viewBox="0 0 320 512"
              xmlns="http://www.w3.org/2000/svg"
            >
              <path
                d="M31.3 192h257.3c17.8 0 26.7 21.5 14.1 34.1L174.1 354.8c-7.8 7.8-20.5 7.8-28.3 0L17.2 226.1C4.6 213.5 13.5 192 31.3 192z"
                fill="currentColor"
                style={Object {}}
              />
            </svg>
          </button>
        </styled.button>
        <styled.button
          onClick={[Function]}
        >
          <button
            className="sc-bdVaJa dJicAm"
            onClick={[Function]}
          >
            <svg
              aria-hidden="true"
              className="svg-inline--fa fa-caret-up fa-w-10 "
              data-icon="caret-up"
              data-prefix="fas"
              focusable="false"
              role="img"
              style={Object {}}
              viewBox="0 0 320 512"
              xmlns="http://www.w3.org/2000/svg"
            >
              <path
                d="M288.662 352H31.338c-17.818 0-26.741-21.543-14.142-34.142l128.662-128.662c7.81-7.81 20.474-7.81 28.284 0l128.662 128.662c12.6 12.599 3.676 34.142-14.142 34.142z"
                fill="currentColor"
                style={Object {}}
              />
            </svg>
          </button>
        </styled.button>
      </div>
    </Styled(styled.div)>,
  ]
</Connect(Resize)>
`;
