// Jest Snapshot v1, https://goo.gl/fbAQLP

exports[`<TextField> renders correctly 1`] = `
<TextField
  onChange={[MockFunction]}
  value="test"
>
  <styled.input
    onChange={[MockFunction]}
    value="test"
  >
    <StyledComponent
      forwardedComponent={
        Object {
          "$$typeof": Symbol(react.forward_ref),
          "attrs": Array [],
          "componentStyle": ComponentStyle {
            "componentId": "sc-bdVaJa",
            "isStatic": true,
            "lastClassName": "dfAss",
            "rules": Array [
              "
  font-family: ",
              "'Roboto', sans-serif",
              ";
  padding: 5px 10px;
  color: ",
              "#4d4d4d",
              ";
  border: 1px solid ",
              "#b3b3b3",
              ";
  font-size: 16px;
  outline: none;
  margin: 0;
  background: white;
  box-sizing: border-box;
  width: 100%;
",
            ],
          },
          "displayName": "styled.input",
          "foldedComponentIds": Array [],
          "render": [Function],
          "styledComponentId": "sc-bdVaJa",
          "target": "input",
          "toString": [Function],
          "warnTooManyClasses": [Function],
          "withComponent": [Function],
        }
      }
      forwardedRef={null}
      onChange={[MockFunction]}
      value="test"
    >
      <input
        className="sc-bdVaJa dfAss"
        onChange={[MockFunction]}
        value="test"
      />
    </StyledComponent>
  </styled.input>
</TextField>
`;
