// Jest Snapshot v1, https://goo.gl/fbAQLP

exports[`<TitleField> renders correctly 1`] = `
<TitleField
  onChange={[MockFunction]}
  title="foobar"
>
  <styled.div
    onClick={[Function]}
  >
    <StyledComponent
      forwardedComponent={
        Object {
          "$$typeof": Symbol(react.forward_ref),
          "attrs": Array [],
          "componentStyle": ComponentStyle {
            "componentId": "sc-htpNat",
            "isStatic": false,
            "lastClassName": "jIrAmg",
            "rules": Array [
              "
  font-family: ",
              "'Roboto', sans-serif",
              ";
  color: ",
              "#4d4d4d",
              ";
  font-size: 18px;
  cursor: pointer;
",
            ],
          },
          "displayName": "styled.div",
          "foldedComponentIds": Array [],
          "render": [Function],
          "styledComponentId": "sc-htpNat",
          "target": "div",
          "toString": [Function],
          "warnTooManyClasses": [Function],
          "withComponent": [Function],
        }
      }
      forwardedRef={null}
      onClick={[Function]}
    >
      <div
        className="sc-htpNat jIrAmg"
        onClick={[Function]}
      >
        foobar
      </div>
    </StyledComponent>
  </styled.div>
</TitleField>
`;
